main.c:87:9:decToBcd	16	static
main.c:92:5:bcdToDec	16	static
main.c:110:6:Set_Time	48	static
main.c:124:6:Get_Time	32	static
main.c:144:5:main	160	static
main.c:241:6:SystemClock_Config	88	static
main.c:285:13:MX_I2C1_Init	8	static
main.c:319:13:MX_I2C2_Init	8	static
main.c:353:13:MX_I2C3_Init	8	static
main.c:387:13:MX_USART2_UART_Init	8	static
main.c:418:13:MX_DMA_Init	16	static
main.c:439:13:MX_GPIO_Init	48	static
main.c:477:6:StartDefaultTask	16	static
main.c:495:6:StartLcdTask	16	static
main.c:527:6:StartDataSensor	16	static
main.c:557:6:StartBtnTask	16	static
main.c:601:6:StartTimeTask	24	static
main.c:636:6:Error_Handler	4	static
