main.c:118:5:main	184	static
main.c:222:6:SystemClock_Config	88	static
main.c:266:13:MX_I2C1_Init	8	static
main.c:300:13:MX_I2C2_Init	8	static
main.c:334:13:MX_I2C3_Init	8	static
main.c:368:13:MX_USART2_UART_Init	8	static
main.c:399:13:MX_DMA_Init	16	static
main.c:420:13:MX_GPIO_Init	48	static
main.c:455:6:initBME280	24	static
main.c:490:6:checkBME280	8	static
main.c:510:6:convertData	8	static
main.c:525:6:StartDefaultTask	16	static
main.c:545:6:StartLcdTask	16	static
main.c:576:6:StartDataSensor	16	static
main.c:641:6:StartBtnTask	16	static
main.c:693:6:StartTimeTask	24	static
main.c:732:6:StartStatusTemp	16	static
main.c:766:6:Error_Handler	4	static
